// Jest Snapshot v1, https://goo.gl/fbAQLP

exports[`build JSON data should build and match snapshot 1`] = `
"class Data {
field1: number
field2: string
field3: Array<number>
field4: Array<number|string>
field5: {
'field5-subField1': string
'field5-subField2': {
'field5-subfield2-A': number
'field5-subfield2-B': Array<string>
}
field5: {
'field5-subField1': string
'field5-subField3': {
'field8-subfield1': string
'field8-subfield2': {
'field8-subfield1a': number
'field8-subfieldb': Array<number|string>
}
}
}
}
field6: Array<Array<number|string>>
field7: Array<Array<{
'field7-subfield1': string
}>>
field8: Array<{
'field8-subfield1': string
'field8-subfield2': {
'field8-subfield1a': number
'field8-subfieldb': Array<number|string>
}
}|{
id: number
}>
field9: {
'field9-subField1': string
'field9-subField2': boolean
'field9-subField3': Date
}
field10: unknown
}"
`;
